exports[`test renders correctly 1`] = `
<div>
  <div
    className={undefined}>
    <p
      className="pad" />
  </div>
</div>
`;
